// Jest Snapshot v1, https://goo.gl/fbAQLP

exports[`test-readSchema Car should match snapshot 1`] = `
Object {
  "cmp": [Function],
  "ctor": [Function],
  "default": Car {
    "date": 1970-01-01T00:00:00.000Z,
    "name": "",
  },
  "indexedProps": Array [],
  "properties": Object {
    "date": Object {
      "cmp": [Function],
      "convertTo": [Function],
      "ctor": [Function],
      "default": 1970-01-01T00:00:00.000Z,
      "keyPath": "date",
      "parent": [Circular],
      "parentArray": null,
      "readProp": [Function],
      "type": "Date",
      "writeProp": [Function],
    },
    "name": Object {
      "ctor": [Function],
      "default": "",
      "keyPath": "name",
      "parent": [Circular],
      "parentArray": null,
      "readProp": [Function],
      "type": "Name",
      "writeProp": [Function],
    },
  },
  "type": "entity",
  "typeSpecificOptions": Object {},
}
`;

exports[`test-readSchema Friend should match snapshot 1`] = `
Object {
  "cmp": [Function],
  "ctor": [Function],
  "default": Friend {
    "age": 0,
    "cars": Array [],
    "cats": Array [],
    "id": 0,
    "name": "",
    "school": Object {
      "address": Object {
        "city": "",
      },
      "name": "",
    },
    "strArrWithDefault": Array [
      "foo",
      "bar",
      "3",
    ],
    "tags": Array [],
  },
  "indexedProps": Array [
    Object {
      "cmp": [Function],
      "convertTo": [Function],
      "ctor": [Function],
      "default": 0,
      "indexes": Array [
        Object {
          "unique": false,
        },
      ],
      "keyPath": "age",
      "parent": [Circular],
      "parentArray": null,
      "readProp": [Function],
      "type": "number",
      "writeProp": [Function],
    },
    Object {
      "cmp": [Function],
      "convertTo": [Function],
      "ctor": [Function],
      "default": 0,
      "indexes": Array [
        Object {
          "unique": false,
        },
      ],
      "keyPath": "cats[].age",
      "parent": Object {
        "cmp": [Function],
        "ctor": [Function],
        "default": Object {
          "age": 0,
          "name": "",
        },
        "keyPath": "cats",
        "parent": Object {
          "ctor": [Function],
          "default": Array [],
          "item": [Circular],
          "keyPath": "cats",
          "parent": [Circular],
          "parentArray": null,
          "readProp": [Function],
          "type": "array",
          "writeProp": [Function],
        },
        "parentArray": Object {
          "ctor": [Function],
          "default": Array [],
          "item": [Circular],
          "keyPath": "cats",
          "parent": [Circular],
          "parentArray": null,
          "readProp": [Function],
          "type": "array",
          "writeProp": [Function],
        },
        "properties": Object {
          "age": [Circular],
          "name": Object {
            "cmp": [Function],
            "convertTo": [Function],
            "ctor": [Function],
            "default": "",
            "keyPath": "cats[].name",
            "parent": [Circular],
            "parentArray": Object {
              "ctor": [Function],
              "default": Array [],
              "item": [Circular],
              "keyPath": "cats",
              "parent": [Circular],
              "parentArray": null,
              "readProp": [Function],
              "type": "array",
              "writeProp": [Function],
            },
            "readProp": [Function],
            "type": "string",
            "writeProp": [Function],
          },
        },
        "type": "object",
      },
      "parentArray": Object {
        "ctor": [Function],
        "default": Array [],
        "item": Object {
          "cmp": [Function],
          "ctor": [Function],
          "default": Object {
            "age": 0,
            "name": "",
          },
          "keyPath": "cats",
          "parent": [Circular],
          "parentArray": [Circular],
          "properties": Object {
            "age": [Circular],
            "name": Object {
              "cmp": [Function],
              "convertTo": [Function],
              "ctor": [Function],
              "default": "",
              "keyPath": "cats[].name",
              "parent": [Circular],
              "parentArray": [Circular],
              "readProp": [Function],
              "type": "string",
              "writeProp": [Function],
            },
          },
          "type": "object",
        },
        "keyPath": "cats",
        "parent": [Circular],
        "parentArray": null,
        "readProp": [Function],
        "type": "array",
        "writeProp": [Function],
      },
      "readProp": [Function],
      "type": "number",
      "writeProp": [Function],
    },
    Object {
      "cmp": [Function],
      "convertTo": [Function],
      "ctor": [Function],
      "default": "",
      "indexes": Array [
        Object {
          "compoundKeys": Array [
            Object {
              "cmp": [Function],
              "convertTo": [Function],
              "ctor": [Function],
              "default": "",
              "keyPath": "school.name",
              "parent": Object {
                "cmp": [Function],
                "ctor": [Function],
                "default": Object {},
                "keyPath": "school",
                "parent": [Circular],
                "parentArray": null,
                "properties": Object {
                  "address": Object {
                    "cmp": [Function],
                    "ctor": [Function],
                    "default": Object {},
                    "keyPath": "school.address",
                    "parent": [Circular],
                    "parentArray": null,
                    "properties": Object {
                      "city": [Circular],
                    },
                    "readProp": [Function],
                    "type": "object",
                    "writeProp": [Function],
                  },
                  "name": [Circular],
                },
                "readProp": [Function],
                "type": "object",
                "writeProp": [Function],
              },
              "parentArray": null,
              "readProp": [Function],
              "type": "string",
              "writeProp": [Function],
            },
          ],
          "unique": false,
        },
      ],
      "keyPath": "school.address.city",
      "parent": Object {
        "cmp": [Function],
        "ctor": [Function],
        "default": Object {},
        "keyPath": "school.address",
        "parent": Object {
          "cmp": [Function],
          "ctor": [Function],
          "default": Object {},
          "keyPath": "school",
          "parent": [Circular],
          "parentArray": null,
          "properties": Object {
            "address": [Circular],
            "name": Object {
              "cmp": [Function],
              "convertTo": [Function],
              "ctor": [Function],
              "default": "",
              "keyPath": "school.name",
              "parent": [Circular],
              "parentArray": null,
              "readProp": [Function],
              "type": "string",
              "writeProp": [Function],
            },
          },
          "readProp": [Function],
          "type": "object",
          "writeProp": [Function],
        },
        "parentArray": null,
        "properties": Object {
          "city": [Circular],
        },
        "readProp": [Function],
        "type": "object",
        "writeProp": [Function],
      },
      "parentArray": null,
      "readProp": [Function],
      "type": "string",
      "writeProp": [Function],
    },
  ],
  "primaryKey": Object {
    "cmp": [Function],
    "convertTo": [Function],
    "ctor": [Function],
    "default": 0,
    "indexes": Array [
      Object {
        "autoIncrement": true,
        "isPrimaryKey": true,
        "unique": true,
      },
    ],
    "keyPath": "id",
    "parent": [Circular],
    "parentArray": null,
    "readProp": [Function],
    "type": "number",
    "writeProp": [Function],
  },
  "properties": Object {
    "age": Object {
      "cmp": [Function],
      "convertTo": [Function],
      "ctor": [Function],
      "default": 0,
      "indexes": Array [
        Object {
          "unique": false,
        },
      ],
      "keyPath": "age",
      "parent": [Circular],
      "parentArray": null,
      "readProp": [Function],
      "type": "number",
      "writeProp": [Function],
    },
    "cars": Object {
      "ctor": [Function],
      "default": Array [],
      "item": Object {
        "cmp": [Function],
        "ctor": [Function],
        "default": Car {
          "date": 1970-01-01T00:00:00.000Z,
          "name": "",
        },
        "indexedProps": Array [],
        "keyPath": "cars",
        "parent": [Circular],
        "parentArray": [Circular],
        "properties": Object {
          "date": Object {
            "cmp": [Function],
            "convertTo": [Function],
            "ctor": [Function],
            "default": 1970-01-01T00:00:00.000Z,
            "keyPath": "cars[].date",
            "parent": [Circular],
            "parentArray": [Circular],
            "readProp": [Function],
            "type": "Date",
            "writeProp": [Function],
          },
          "name": Object {
            "ctor": [Function],
            "default": "",
            "keyPath": "cars[].name",
            "parent": [Circular],
            "parentArray": [Circular],
            "readProp": [Function],
            "type": "Name",
            "writeProp": [Function],
          },
        },
        "type": "entity",
        "typeSpecificOptions": Object {},
      },
      "keyPath": "cars",
      "parent": [Circular],
      "parentArray": null,
      "readProp": [Function],
      "type": "array",
      "writeProp": [Function],
    },
    "cats": Object {
      "ctor": [Function],
      "default": Array [],
      "item": Object {
        "cmp": [Function],
        "ctor": [Function],
        "default": Object {
          "age": 0,
          "name": "",
        },
        "keyPath": "cats",
        "parent": [Circular],
        "parentArray": [Circular],
        "properties": Object {
          "age": Object {
            "cmp": [Function],
            "convertTo": [Function],
            "ctor": [Function],
            "default": 0,
            "indexes": Array [
              Object {
                "unique": false,
              },
            ],
            "keyPath": "cats[].age",
            "parent": [Circular],
            "parentArray": [Circular],
            "readProp": [Function],
            "type": "number",
            "writeProp": [Function],
          },
          "name": Object {
            "cmp": [Function],
            "convertTo": [Function],
            "ctor": [Function],
            "default": "",
            "keyPath": "cats[].name",
            "parent": [Circular],
            "parentArray": [Circular],
            "readProp": [Function],
            "type": "string",
            "writeProp": [Function],
          },
        },
        "type": "object",
      },
      "keyPath": "cats",
      "parent": [Circular],
      "parentArray": null,
      "readProp": [Function],
      "type": "array",
      "writeProp": [Function],
    },
    "id": Object {
      "cmp": [Function],
      "convertTo": [Function],
      "ctor": [Function],
      "default": 0,
      "indexes": Array [
        Object {
          "autoIncrement": true,
          "isPrimaryKey": true,
          "unique": true,
        },
      ],
      "keyPath": "id",
      "parent": [Circular],
      "parentArray": null,
      "readProp": [Function],
      "type": "number",
      "writeProp": [Function],
    },
    "name": Object {
      "ctor": [Function],
      "default": "",
      "keyPath": "name",
      "parent": [Circular],
      "parentArray": null,
      "readProp": [Function],
      "type": "Name",
      "writeProp": [Function],
    },
    "school": Object {
      "cmp": [Function],
      "ctor": [Function],
      "default": Object {},
      "keyPath": "school",
      "parent": [Circular],
      "parentArray": null,
      "properties": Object {
        "address": Object {
          "cmp": [Function],
          "ctor": [Function],
          "default": Object {},
          "keyPath": "school.address",
          "parent": [Circular],
          "parentArray": null,
          "properties": Object {
            "city": Object {
              "cmp": [Function],
              "convertTo": [Function],
              "ctor": [Function],
              "default": "",
              "indexes": Array [
                Object {
                  "compoundKeys": Array [
                    Object {
                      "cmp": [Function],
                      "convertTo": [Function],
                      "ctor": [Function],
                      "default": "",
                      "keyPath": "school.name",
                      "parent": [Circular],
                      "parentArray": null,
                      "readProp": [Function],
                      "type": "string",
                      "writeProp": [Function],
                    },
                  ],
                  "unique": false,
                },
              ],
              "keyPath": "school.address.city",
              "parent": [Circular],
              "parentArray": null,
              "readProp": [Function],
              "type": "string",
              "writeProp": [Function],
            },
          },
          "readProp": [Function],
          "type": "object",
          "writeProp": [Function],
        },
        "name": Object {
          "cmp": [Function],
          "convertTo": [Function],
          "ctor": [Function],
          "default": "",
          "keyPath": "school.name",
          "parent": [Circular],
          "parentArray": null,
          "readProp": [Function],
          "type": "string",
          "writeProp": [Function],
        },
      },
      "readProp": [Function],
      "type": "object",
      "writeProp": [Function],
    },
    "strArrWithDefault": Object {
      "ctor": [Function],
      "default": Array [
        "foo",
        "bar",
        "3",
      ],
      "item": Object {
        "cmp": [Function],
        "convertTo": [Function],
        "ctor": [Function],
        "default": "",
        "keyPath": "cats[].name",
        "parent": Object {
          "cmp": [Function],
          "ctor": [Function],
          "default": Object {
            "age": 0,
            "name": "",
          },
          "keyPath": "cats",
          "parent": Object {
            "ctor": [Function],
            "default": Array [],
            "item": [Circular],
            "keyPath": "cats",
            "parent": [Circular],
            "parentArray": null,
            "readProp": [Function],
            "type": "array",
            "writeProp": [Function],
          },
          "parentArray": Object {
            "ctor": [Function],
            "default": Array [],
            "item": [Circular],
            "keyPath": "cats",
            "parent": [Circular],
            "parentArray": null,
            "readProp": [Function],
            "type": "array",
            "writeProp": [Function],
          },
          "properties": Object {
            "age": Object {
              "cmp": [Function],
              "convertTo": [Function],
              "ctor": [Function],
              "default": 0,
              "indexes": Array [
                Object {
                  "unique": false,
                },
              ],
              "keyPath": "cats[].age",
              "parent": [Circular],
              "parentArray": Object {
                "ctor": [Function],
                "default": Array [],
                "item": [Circular],
                "keyPath": "cats",
                "parent": [Circular],
                "parentArray": null,
                "readProp": [Function],
                "type": "array",
                "writeProp": [Function],
              },
              "readProp": [Function],
              "type": "number",
              "writeProp": [Function],
            },
            "name": [Circular],
          },
          "type": "object",
        },
        "parentArray": Object {
          "ctor": [Function],
          "default": Array [],
          "item": Object {
            "cmp": [Function],
            "ctor": [Function],
            "default": Object {
              "age": 0,
              "name": "",
            },
            "keyPath": "cats",
            "parent": [Circular],
            "parentArray": [Circular],
            "properties": Object {
              "age": Object {
                "cmp": [Function],
                "convertTo": [Function],
                "ctor": [Function],
                "default": 0,
                "indexes": Array [
                  Object {
                    "unique": false,
                  },
                ],
                "keyPath": "cats[].age",
                "parent": [Circular],
                "parentArray": [Circular],
                "readProp": [Function],
                "type": "number",
                "writeProp": [Function],
              },
              "name": [Circular],
            },
            "type": "object",
          },
          "keyPath": "cats",
          "parent": [Circular],
          "parentArray": null,
          "readProp": [Function],
          "type": "array",
          "writeProp": [Function],
        },
        "readProp": [Function],
        "type": "string",
        "writeProp": [Function],
      },
      "keyPath": "strArrWithDefault",
      "parent": [Circular],
      "parentArray": null,
      "readProp": [Function],
      "type": "array",
      "writeProp": [Function],
    },
    "tags": Object {
      "ctor": [Function],
      "default": Array [],
      "item": Object {
        "cmp": [Function],
        "convertTo": [Function],
        "ctor": [Function],
        "default": "",
        "indexes": Array [
          Object {
            "unique": false,
          },
        ],
        "keyPath": "tags",
        "parent": [Circular],
        "parentArray": [Circular],
        "type": "string",
      },
      "keyPath": "tags",
      "parent": [Circular],
      "parentArray": null,
      "readProp": [Function],
      "type": "array",
      "writeProp": [Function],
    },
  },
  "type": "entity",
  "typeSpecificOptions": Object {},
}
`;
